// Jest Snapshot v1, https://goo.gl/fbAQLP

exports[`Landing.test.js has the expected html structure 1`] = `
<div
  id="landing-page"
>
  <!---->
   
  <a
    name="about"
  />
   
  <div
    class="intro-header"
    style="padding-top: 50px;"
  >
    <div
      class="container"
    >
      <div
        class="row"
      >
        <div
          class="col-lg-12"
        >
          <div
            class="intro-logo"
          >
            <img
              class="img-fluid"
              src="~assets/logo/logo.png"
            />
          </div>
           
          <div
            class="intro-message"
          >
            <h1>
              pretrendr
            </h1>
             
            <h3>
              Analyse and Visualize your data and identify trends
            </h3>
             
            <hr
              class="intro-divider"
            />
             
            <ul
              class="list-inline intro-social-buttons"
            >
              <li>
                <a
                  class="btn btn-default btn-lg register"
                  href="#register"
                >
                  Register Now
                </a>
              </li>
               
              <li>
                <a
                  class="btn btn-default btn-lg login"
                  href="#login"
                >
                  Login
                </a>
              </li>
            </ul>
          </div>
        </div>
      </div>
    </div>
  </div>
   
  <a
    name="services"
  />
   
  <div
    class="content-section-a"
  >
    <div
      class="container"
    >
      <div
        class="row display-flex"
      >
        <div
          class="col-lg-5 col-sm-6"
        >
          <hr
            class="section-heading-spacer"
          />
           
          <div
            class="clearfix"
          />
           
          <h2
            class="section-heading"
          >
            About pretrendr
          </h2>
           
          <p
            class="lead"
          >
            Pretrendr is an open source project to predict technology trends out of open data sources. 
            It is a web-based solution to extract trend data out of the worlds broadcast, print and web news and predict 
            if it will become a trend.
          </p>
           
          <p
            class="lead"
          >
            Pretrendr simplifies the identification of existing and emerging trends that reshape industries. 
            News are linked and refined to evaluate trends in order to deliver accurate results.We provide an easy-to-use 
            webpage where trends can be monitored
            and identified.
          </p>
        </div>
         
        <div
          class="col-lg-5 col-lg-offset-2 col-sm-6"
        >
          <img
            alt=""
            class="img-responsive"
            src="~assets/landing-page/aboutpretrendr.jpg"
          />
        </div>
      </div>
    </div>
  </div>
   
  <div
    class="content-section-b"
  >
    <div
      class="container"
    >
      <div
        class="row display-flex"
      >
        <div
          class="col-lg-5 col-lg-offset-1 col-sm-push-6  col-sm-6"
        >
          <hr
            class="section-heading-spacer"
          />
           
          <div
            class="clearfix"
          />
           
          <h2
            class="section-heading"
          >
            About us
          </h2>
           
          <p
            class="lead"
          >
            
            We are a team of seven students from the TU Berlin who came together in a course about agile methods and 
            open source software development. Each team member is studying towards the master of science degree in a 
            software related field. Lara, Tristan, Joud and Scott are studying Computer Science, Florian and Patrick 
            Information Systems and Antonia Computer Engineering.
          
          </p>
        </div>
         
        <div
          class="col-lg-5 col-sm-pull-6  col-sm-6"
        >
          <img
            alt=""
            class="img-responsive"
            src="~assets/landing-page/aboutus.jpg"
          />
        </div>
      </div>
    </div>
  </div>
   
  <a
    name="contact"
  />
   
  <div
    class="banner"
  >
    <div
      class="container"
    >
      <div
        class="row"
      >
        <div
          class="col-lg-6"
        >
          <h2>
            Connect to pretrendr:
          </h2>
        </div>
         
        <div
          class="col-lg-6"
        >
          <ul
            class="list-inline banner-social-buttons"
          >
            <li>
              <a
                class="btn btn-default btn-lg"
                href="https://github.com/Astarch/amos-ws18-proj3"
              >
                <i
                  class="fa fa-github fa-fw"
                />
                 
                <span
                  class="network-name"
                >
                  Github
                </span>
              </a>
            </li>
          </ul>
        </div>
      </div>
    </div>
  </div>
   
  <!---->
   
  <!---->
</div>
`;
