// Jest Snapshot v1, https://goo.gl/fbAQLP

exports[`Landing.test.js has the expected html structure 1`] = `
<div
  id="landing-page"
>
  <!---->
   
  <a
    id="home"
  />
   
  <div
    class="intro-header"
    style="padding-top: 50px;"
  >
    <div
      class="container"
    >
      <div
        class="row"
      >
        <div
          class="col-lg-12"
        >
          <div
            class="intro-logo"
          >
            <img
              class="img-fluid"
              src="~assets/logo/logo.png"
            />
          </div>
           
          <div
            class="intro-message"
          >
            <h1>
              pretrendr
            </h1>
             
            <h3>
              Analyse and Visualize your data and identify trends
            </h3>
             
            <hr
              class="intro-divider"
            />
             
            <ul
              class="list-inline intro-social-buttons"
            >
              <li>
                <a
                  class="btn btn-default btn-lg register"
                  href="#register"
                >
                  Register Now
                </a>
              </li>
               
              <li>
                <a
                  class="btn btn-default btn-lg login"
                  href="#login"
                >
                  Login
                </a>
              </li>
            </ul>
          </div>
        </div>
      </div>
    </div>
  </div>
   
  <a
    id="about-pretrendr"
  />
   
  <div
    class="content-section-a"
  >
    <div
      class="container"
    >
      <div
        class="row display-flex"
      >
        <div
          class="col-lg-5 col-sm-6"
        >
          <hr
            class="section-heading-spacer"
          />
           
          <div
            class="clearfix"
          />
           
          <h2
            class="section-heading"
          >
            About pretrendr
          </h2>
           
          <p
            class="lead"
          >
            Pretrendr is an open source project to predict technology trends out of open data sources. 
            It is a web-based solution to extract trend data out of the worlds broadcast, print and web news and predict 
            if it will become a trend.
          </p>
           
          <p
            class="lead"
          >
            Pretrendr simplifies the identification of existing and emerging trends that reshape industries. 
            News are linked and refined to evaluate trends in order to deliver accurate results. We provide an easy-to-use 
            webpage where trends can be monitored
            and identified.
          </p>
        </div>
         
        <div
          class="col-lg-5 col-lg-offset-2 col-sm-6"
        >
          <img
            alt=""
            class="img-responsive"
            src="~assets/landing-page/aboutpretrendr.jpg"
          />
        </div>
      </div>
    </div>
  </div>
   
  <a
    id="about-us"
  />
   
  <div
    class="content-section-b"
  >
    <div
      class="container"
    >
      <div
        class="row display-flex"
      >
        <div
          class="col-lg-5 col-lg-offset-1 col-sm-push-6  col-sm-6"
        >
          <hr
            class="section-heading-spacer"
          />
           
          <div
            class="clearfix"
          />
           
          <h2
            class="section-heading"
          >
            About Us
          </h2>
           
          <p
            class="lead"
          >
            
            We are a team of seven students from the TU Berlin who came together in a course about agile methods and 
            open source software development. Each team member is studying towards the master of science degree in a 
            software related field. Lara, Tristan, Joud and Scott are studying Computer Science, Florian and Patrick 
            Information Systems Management and Antonia Computer Engineering.
          
          </p>
        </div>
         
        <div
          class="col-lg-5 col-sm-pull-6  col-sm-6"
        >
          <img
            alt=""
            class="img-responsive"
            src="~assets/landing-page/pretrendr_1.jpg"
          />
        </div>
         
        <div
          class="col-lg-5 col-lg-offset-1 col-sm-push-6  col-sm-6"
        >
          <img
            alt=""
            class="resize"
            src="~assets/landing-page/patrick.jpg"
          />
        </div>
         
        <div
          class="col-lg-5 col-sm-pull-6  col-sm-6"
        >
          <hr
            class="section-heading-spacer"
          />
           
          <div
            class="clearfix"
          />
           
          <h2
            class="section-heading"
          >
            About Patrick
          </h2>
           
          <p
            class="lead"
          >
            
            Patrick is a graduate student studying Information Systems at TU Berlin.
            During this project he has worked on the Frontend, Vue.js, Node.js, Git, Java, Javascript, Continuos Integration, CircleCi and Session Handling.
          
          </p>
           
          <p
            class="lead"
          >
            
            Get connected on LinkedIn :
          
          </p>
           
          <p>
            <a
              class="btn btn-primary btn-lg"
              href="https://www.linkedin.com/in/patrick-willmann/"
            >
              <i
                aria-hidden="true"
                class="fa fa-linkedin fa-fw"
              />
            </a>
          </p>
        </div>
         
        <div
          class="col-lg-5 col-lg-offset-1 col-sm-push-6  col-sm-6"
        >
          <img
            alt=""
            class="resize"
            src="~assets/landing-page/lara.jpg"
          />
        </div>
         
        <div
          class="col-lg-5 col-sm-pull-6  col-sm-6"
        >
          <hr
            class="section-heading-spacer"
          />
           
          <div
            class="clearfix"
          />
           
          <h2
            class="section-heading"
          >
            About Lara
          </h2>
           
          <p
            class="lead"
          >
            
             Lara is a graduate student studying Computer Science at TU Berlin.
            During this project she has worked on the Frontend, Graphs, D3.js, Workbench, GDELT, JavaScript, Java, Query Optimization and Elasticsearch.
          
          </p>
        </div>
         
        <div
          class="col-lg-5 col-lg-offset-1 col-sm-push-6  col-sm-6"
        >
          <img
            alt=""
            class="resize"
            src="~assets/landing-page/tristan.jpg"
          />
        </div>
         
        <div
          class="col-lg-5 col-sm-pull-6  col-sm-6"
        >
          <hr
            class="section-heading-spacer"
          />
           
          <div
            class="clearfix"
          />
           
          <h2
            class="section-heading"
          >
            About Tristan
          </h2>
           
          <p
            class="lead"
          >
            
             Tristan is a graduate student studying Computer Science at TU Berlin.
            During this project he has worked on the Backend, Spring/Boot , REST, Databases, Java, Elasticsearch, Query Optimization and AWS S3.
          
          </p>
           
          <p
            class="lead"
          >
            
            Get connected on Github :
          
          </p>
           
          <p>
            <a
              class="btn btn-default btn-lg"
              href="https://github.com/Astarch"
            >
              <i
                class="fa fa-github fa-fw"
              />
               
              <span
                class="network-name"
              >
                Github
              </span>
            </a>
          </p>
        </div>
         
        <div
          class="col-lg-5 col-lg-offset-1 col-sm-push-6  col-sm-6"
        >
          <img
            alt=""
            class="resize"
            src="~assets/landing-page/antonia.jpg"
          />
        </div>
         
        <div
          class="col-lg-5 col-sm-pull-6  col-sm-6"
        >
          <hr
            class="section-heading-spacer"
          />
           
          <div
            class="clearfix"
          />
           
          <h2
            class="section-heading"
          >
            About Antonia
          </h2>
           
          <p
            class="lead"
          >
            
             Antonia is a graduate student studying Computer Engineering at TU Berlin.
            During this project she has worked on the Workbench, Open Data Sources, GDELT, Query Optimization, Elasticsearch, Metrics and Use Cases.
          
          </p>
           
          <p
            class="lead"
          >
            
            Get connected on LinkedIn :
          
          </p>
           
          <p>
            <a
              class="btn btn-primary btn-lg"
              href="https://www.linkedin.com/in/antonia-düker-b25b2211a/"
            >
              <i
                aria-hidden="true"
                class="fa fa-linkedin fa-fw"
              />
            </a>
          </p>
        </div>
         
        <div
          class="col-lg-5 col-lg-offset-1 col-sm-push-6  col-sm-6"
        >
          <img
            alt=""
            class="resize"
            src="~assets/landing-page/florian.jpg"
          />
        </div>
         
        <div
          class="col-lg-5 col-sm-pull-6  col-sm-6"
        >
          <hr
            class="section-heading-spacer"
          />
           
          <div
            class="clearfix"
          />
           
          <h2
            class="section-heading"
          >
            About Florian
          </h2>
           
          <p
            class="lead"
          >
            
             Florian is a graduate student studying Information Systems at TU Berlin.
            During this project he has worked on the Architecture, AWS, Backend, REST, Java, circleCI, Databases and Elasticsearch.
          
          </p>
           
          <p
            class="lead"
          >
            
            Get connected on LinkedIn :
          
          </p>
           
          <p>
            <a
              class="btn btn-primary btn-lg"
              href="https://www.linkedin.com/in/florian-muchow/"
            >
              <i
                aria-hidden="true"
                class="fa fa-linkedin fa-fw"
              />
            </a>
          </p>
        </div>
         
        <div
          class="col-lg-5 col-lg-offset-1 col-sm-push-6  col-sm-6"
        >
          <img
            alt=""
            class="resize"
            src="~assets/landing-page/joud.jpg"
          />
        </div>
         
        <div
          class="col-lg-5 col-sm-pull-6  col-sm-6"
        >
          <hr
            class="section-heading-spacer"
          />
           
          <div
            class="clearfix"
          />
           
          <h2
            class="section-heading"
          >
            About Joud
          </h2>
           
          <p
            class="lead"
          >
            
             Joud is a graduate student studying Computer Science at TU Berlin.
            During this project she has worked on the Backend, Spring boot, Metrics, Postman, AWS S3 and Architecture. 
          
          </p>
           
          <p
            class="lead"
          >
            
            Get connected on LinkedIn :
          
          </p>
           
          <p>
            <a
              class="btn btn-primary btn-lg"
              href="https://www.linkedin.com/in/joud-sayed-issa-3b740327/"
            >
              <i
                aria-hidden="true"
                class="fa fa-linkedin fa-fw"
              />
            </a>
          </p>
        </div>
         
        <div
          class="col-lg-5 col-lg-offset-1 col-sm-push-6  col-sm-6"
        >
          <img
            alt=""
            class="resize"
            src="~assets/landing-page/scott.jpg"
          />
        </div>
         
        <div
          class="col-lg-5 col-sm-pull-6  col-sm-6"
        >
          <hr
            class="section-heading-spacer"
          />
           
          <div
            class="clearfix"
          />
           
          <h2
            class="section-heading"
          >
            About Scott
          </h2>
           
          <p
            class="lead"
          >
            
             Scott is a graduate student studying Computer Science at TU Berlin.
            During this project he has worked on the Frontend, Workbench, Test Environment, Elastic Map Reduce and Elasticsearch.            
          </p>
           
          <p
            class="lead"
          >
            
            Get connected on LinkedIn :
          
          </p>
           
          <p>
            <a
              class="btn btn-primary btn-lg"
              href="https://www.linkedin.com/in/scottyswork"
            >
              <i
                aria-hidden="true"
                class="fa fa-linkedin fa-fw"
              />
            </a>
          </p>
        </div>
      </div>
    </div>
  </div>
   
  <a
    name="contact"
  />
   
  <div
    class="banner"
  >
    <div
      class="container"
    >
      <div
        class="row"
      >
        <div
          class="col-lg-6"
        >
          <h2>
            Connect to pretrendr:
          </h2>
        </div>
         
        <div
          class="col-lg-6"
        >
          <ul
            class="list-inline banner-social-buttons"
          >
            <li>
              <a
                class="btn btn-default btn-lg"
                href="https://github.com/Astarch/amos-ws18-proj3"
              >
                <i
                  class="fa fa-github fa-fw"
                />
                 
                <span
                  class="network-name"
                >
                  Github
                </span>
              </a>
            </li>
          </ul>
        </div>
      </div>
    </div>
  </div>
   
  <!---->
   
  <!---->
</div>
`;
